
> snapsend@0.1.0 playwright:test-with-loader
> cross-env NODE_OPTIONS="--import tsx" npx playwright test tests/bank-statement-import.spec.ts

Error: No tests found.
Make sure that arguments are regular expressions matching test files.
You may need to escape symbols like "$" or "*" and quote the arguments.

