.next/dev/types/validator.ts(42,39): error TS2307: Cannot find module '../../../src/app/(routes)/import/bank-statement/page.js' or its corresponding type declarations.
e2e-tests/e2e-bank-statement.spec.ts(29,44): error TS2561: Object literal may only specify known properties, but 'billingCycleStartDay' does not exist in type 'ISetting'. Did you mean to write 'billingCycleStart'?
e2e-tests/e2e-bank-statement.spec.ts(34,21): error TS2339: Property 'useAppStore' does not exist on type 'typeof import("C:/Users/marti/OneDrive/Documents/GitHub/budget_planner/src/lib/store")'.
e2e-tests/e2e-bank-statement.spec.ts(61,45): error TS2345: Argument of type 'AsymmetricMatcher' is not assignable to parameter of type 'number'.
src/lib/utils/__tests__/customMonth.test.ts(14,7): error TS2377: Constructors for derived classes must contain a 'super' call.
src/lib/utils/__tests__/customMonth.test.ts(74,13): error TS2377: Constructors for derived classes must contain a 'super' call.
src/lib/utils/__tests__/customMonth.test.ts(89,13): error TS2377: Constructors for derived classes must contain a 'super' call.
src/lib/utils/__tests__/customMonth.test.ts(99,11): error TS2377: Constructors for derived classes must contain a 'super' call.
src/lib/utils/__tests__/customMonth.test.ts(114,11): error TS2377: Constructors for derived classes must contain a 'super' call.
tests/receipt-scan.spec.ts(30,38): error TS2561: Object literal may only specify known properties, but 'billingCycleStartDay' does not exist in type 'ISetting'. Did you mean to write 'billingCycleStart'?
tests/receipt-scan.spec.ts(35,15): error TS2339: Property 'useAppStore' does not exist on type 'typeof import("C:/Users/marti/OneDrive/Documents/GitHub/budget_planner/src/lib/store")'.
tests/receipt-scan.spec.ts(53,56): error TS2345: Argument of type 'AsymmetricMatcher' is not assignable to parameter of type 'number'.
tests/settings.spec.tsx(80,29): error TS2347: Untyped function calls may not accept type arguments.
tests/settings.spec.tsx(80,59): error TS7031: Binding element 'children' implicitly has an 'any' type.
tests/settings.spec.tsx(80,81): error TS7006: Parameter 'ref' implicitly has an 'any' type.
tests/settings.spec.tsx(97,29): error TS2347: Untyped function calls may not accept type arguments.
tests/settings.spec.tsx(97,59): error TS7031: Binding element 'children' implicitly has an 'any' type.
tests/settings.spec.tsx(97,81): error TS7006: Parameter 'ref' implicitly has an 'any' type.
tests/settings.spec.tsx(105,26): error TS2347: Untyped function calls may not accept type arguments.
tests/settings.spec.tsx(105,56): error TS7031: Binding element 'children' implicitly has an 'any' type.
tests/settings.spec.tsx(105,66): error TS7031: Binding element 'value' implicitly has an 'any' type.
tests/settings.spec.tsx(105,73): error TS7031: Binding element 'onClick' implicitly has an 'any' type.
tests/settings.spec.tsx(105,94): error TS7006: Parameter 'ref' implicitly has an 'any' type.
